11:50:16 **** Incremental Build of configuration Debug for project Nawijarka_2024 ****
make -j24 all 
arm-none-eabi-gcc "../Core/Src/main.c" -mcpu=cortex-m4 -std=gnu11 -g3 -DDEBUG -DUSE_HAL_DRIVER -DSTM32F401xE -c -I../Core/Inc -I../Drivers/STM32F4xx_HAL_Driver/Inc -I../Drivers/STM32F4xx_HAL_Driver/Inc/Legacy -I../Drivers/CMSIS/Device/ST/STM32F4xx/Include -I../Drivers/CMSIS/Include -O0 -ffunction-sections -fdata-sections -Wall -fstack-usage -fcyclomatic-complexity -MMD -MP -MF"Core/Src/main.d" -MT"Core/Src/main.o" --specs=nano.specs -mfpu=fpv4-sp-d16 -mfloat-abi=hard -mthumb -o "Core/Src/main.o"
arm-none-eabi-gcc -o "Nawijarka_2024.elf" @"objects.list"   -mcpu=cortex-m4 -T"D:\EMBEDDED\__Nawijarka\nawijarka_2024\Nawijarka_2024\STM32F401RETX_FLASH.ld" --specs=nosys.specs -Wl,-Map="Nawijarka_2024.map" -Wl,--gc-sections -static --specs=nano.specs -mfpu=fpv4-sp-d16 -mfloat-abi=hard -mthumb -Wl,--start-group -lc -lm -Wl,--end-group
Finished building target: Nawijarka_2024.elf
 
arm-none-eabi-size  Nawijarka_2024.elf 
arm-none-eabi-objdump -h -S Nawijarka_2024.elf  > "Nawijarka_2024.list"
   text	   data	    bss	    dec	    hex	filename
  13916	     12	   1772	  15700	   3d54	Nawijarka_2024.elf
Finished building: default.size.stdout
 
Finished building: Nawijarka_2024.list
 

11:50:18 Build Finished. 0 errors, 0 warnings. (took 1s.921ms)

